(b'running build\nrunning config_cc\nunifing config_cc, config, build_clib, build_ext, build commands --compiler options\nrunning config_fc\nunifing config_fc, config, build_clib, build_ext, build commands --fcompiler options\nrunning build_src\nbuild_src\nbuilding extension "barotropic" sources\nf2py options: []\nf2py:> /tmp/tmpi7xj8gn4/src.linux-x86_64-3.7/barotropicmodule.c\ncreating /tmp/tmpi7xj8gn4/src.linux-x86_64-3.7\nReading fortran codes...\n\tReading file \'barotropic.f90\' (format:free)\nPost-processing...\n\tBlock: barotropic\n\t\t\tBlock: velocity\n\t\t\t\tBlock: ubar\n\t\t\t\tBlock: vbar\nPost-processing (stage 2)...\n\tBlock: barotropic\n\t\tBlock: unknown_interface\n\t\t\tBlock: velocity\n\t\t\t\tBlock: ubar\n\t\t\t\tBlock: vbar\nBuilding modules...\n\tBuilding module "barotropic"...\n\t\tConstructing F90 module support for "velocity"...\n\t\t\tConstructing wrapper function "velocity.ubar"...\n\t\t\t  outdat = ubar(dat,outdat,z_w,z_wu,[nroms,ii,jj,xi_rho,eta_rho,overwrite_dat,overwrite_outdat,overwrite_z_w,overwrite_z_wu])\n\t\t\tConstructing wrapper function "velocity.vbar"...\n\t\t\t  outdat = vbar(dat,outdat,z_w,z_wv,[nroms,ii,jj,xi_rho,eta_rho,overwrite_dat,overwrite_outdat,overwrite_z_w,overwrite_z_wv])\n\tWrote C/API module "barotropic" to file "/tmp/tmpi7xj8gn4/src.linux-x86_64-3.7/barotropicmodule.c"\n\tFortran 90 wrappers are saved to "/tmp/tmpi7xj8gn4/src.linux-x86_64-3.7/barotropic-f2pywrappers2.f90"\n  adding \'/tmp/tmpi7xj8gn4/src.linux-x86_64-3.7/fortranobject.c\' to sources.\n  adding \'/tmp/tmpi7xj8gn4/src.linux-x86_64-3.7\' to include_dirs.\ncopying /home/danilo/miniconda2/envs/pyroms/lib/python3.7/site-packages/numpy/f2py/src/fortranobject.c -> /tmp/tmpi7xj8gn4/src.linux-x86_64-3.7\ncopying /home/danilo/miniconda2/envs/pyroms/lib/python3.7/site-packages/numpy/f2py/src/fortranobject.h -> /tmp/tmpi7xj8gn4/src.linux-x86_64-3.7\n  adding \'/tmp/tmpi7xj8gn4/src.linux-x86_64-3.7/barotropic-f2pywrappers2.f90\' to sources.\nbuild_src: building npy-pkg config files\nrunning build_ext\ncustomize UnixCCompiler\ncustomize UnixCCompiler using build_ext\nget_default_fcompiler: matching types: \'[\'gnu95\', \'intel\', \'lahey\', \'pg\', \'absoft\', \'nag\', \'vast\', \'compaq\', \'intele\', \'intelem\', \'gnu\', \'g95\', \'pathf95\', \'nagfor\']\'\ncustomize Gnu95FCompiler\nFound executable /usr/bin/gfortran\ncustomize Gnu95FCompiler\ncustomize Gnu95FCompiler using build_ext\nbuilding \'barotropic\' extension\ncompiling C sources\nC compiler: gcc -pthread -B /home/danilo/miniconda2/envs/pyroms/compiler_compat -Wl,--sysroot=/ -Wsign-compare -DNDEBUG -g -fwrapv -O3 -Wall -Wstrict-prototypes -fPIC\n\ncreating /tmp/tmpi7xj8gn4/tmp\ncreating /tmp/tmpi7xj8gn4/tmp/tmpi7xj8gn4\ncreating /tmp/tmpi7xj8gn4/tmp/tmpi7xj8gn4/src.linux-x86_64-3.7\ncompile options: \'-I/tmp/tmpi7xj8gn4/src.linux-x86_64-3.7 -I/home/danilo/miniconda2/envs/pyroms/lib/python3.7/site-packages/numpy/core/include -I/home/danilo/miniconda2/envs/pyroms/include/python3.7m -c\'\ngcc: /tmp/tmpi7xj8gn4/src.linux-x86_64-3.7/fortranobject.c\ngcc: /tmp/tmpi7xj8gn4/src.linux-x86_64-3.7/barotropicmodule.c\ncompiling Fortran 90 module sources\nFortran f77 compiler: /usr/bin/gfortran -Wall -g -ffixed-form -fno-second-underscore -fPIC -O3 -funroll-loops\nFortran f90 compiler: /usr/bin/gfortran -Wall -g -fno-second-underscore -fPIC -O3 -funroll-loops\nFortran fix compiler: /usr/bin/gfortran -Wall -g -ffixed-form -fno-second-underscore -Wall -g -fno-second-underscore -fPIC -O3 -funroll-loops\ncompile options: \'-I/tmp/tmpi7xj8gn4/src.linux-x86_64-3.7 -I/home/danilo/miniconda2/envs/pyroms/lib/python3.7/site-packages/numpy/core/include -I/home/danilo/miniconda2/envs/pyroms/include/python3.7m -c\'\nextra options: \'-J/tmp/tmpi7xj8gn4/ -I/tmp/tmpi7xj8gn4/\'\ngfortran:f90: barotropic.f90\ncompiling Fortran sources\nFortran f77 compiler: /usr/bin/gfortran -Wall -g -ffixed-form -fno-second-underscore -fPIC -O3 -funroll-loops\nFortran f90 compiler: /usr/bin/gfortran -Wall -g -fno-second-underscore -fPIC -O3 -funroll-loops\nFortran fix compiler: /usr/bin/gfortran -Wall -g -ffixed-form -fno-second-underscore -Wall -g -fno-second-underscore -fPIC -O3 -funroll-loops\ncompile options: \'-I/tmp/tmpi7xj8gn4/src.linux-x86_64-3.7 -I/home/danilo/miniconda2/envs/pyroms/lib/python3.7/site-packages/numpy/core/include -I/home/danilo/miniconda2/envs/pyroms/include/python3.7m -c\'\nextra options: \'-J/tmp/tmpi7xj8gn4/ -I/tmp/tmpi7xj8gn4/\'\ngfortran:f90: /tmp/tmpi7xj8gn4/src.linux-x86_64-3.7/barotropic-f2pywrappers2.f90\n/usr/bin/gfortran -Wall -g -Wall -g -shared /tmp/tmpi7xj8gn4/tmp/tmpi7xj8gn4/src.linux-x86_64-3.7/barotropicmodule.o /tmp/tmpi7xj8gn4/tmp/tmpi7xj8gn4/src.linux-x86_64-3.7/fortranobject.o /tmp/tmpi7xj8gn4/barotropic.o /tmp/tmpi7xj8gn4/tmp/tmpi7xj8gn4/src.linux-x86_64-3.7/barotropic-f2pywrappers2.o -L/usr/lib/gcc/x86_64-linux-gnu/7 -L/usr/lib/gcc/x86_64-linux-gnu/7 -lgfortran -o ./barotropic.cpython-37m-x86_64-linux-gnu.so\nRemoving build directory /tmp/tmpi7xj8gn4\n', None)b'running build\nrunning config_cc\nunifing config_cc, config, build_clib, build_ext, build commands --compiler options\nrunning config_fc\nunifing config_fc, config, build_clib, build_ext, build commands --fcompiler options\nrunning build_src\nbuild_src\nbuilding extension "interpolation" sources\nf2py options: []\nf2py:> /tmp/tmpasano1j7/src.linux-x86_64-3.7/interpolationmodule.c\ncreating /tmp/tmpasano1j7/src.linux-x86_64-3.7\nReading fortran codes...\n\tReading file \'interpolation.f90\' (format:free)\nPost-processing...\n\tBlock: interpolation\n\t\t\tBlock: interpolation\n\t\t\t\tBlock: dovertinter\n\t\t\t\tBlock: rho2u\n\t\t\t\tBlock: rho2v\n\t\t\t\tBlock: rotate\nPost-processing (stage 2)...\n\tBlock: interpolation\n\t\tBlock: unknown_interface\n\t\t\tBlock: interpolation\n\t\t\t\tBlock: dovertinter\n\t\t\t\tBlock: rho2u\n\t\t\t\tBlock: rho2v\n\t\t\t\tBlock: rotate\nBuilding modules...\n\tBuilding module "interpolation"...\n\t\tConstructing F90 module support for "interpolation"...\n\t\t\tConstructing wrapper function "interpolation.dovertinter"...\n\t\t\t  outdat = dovertinter(outdat,dat,bathymetry,zr,zs,[nroms,nsoda,ii,jj,xi_rho,eta_rho,overwrite_outdat,overwrite_dat,overwrite_bathymetry,overwrite_zr,overwrite_zs])\n\t\t\tConstructing wrapper function "interpolation.rho2u"...\n\t\t\t  udata = rho2u(udata,rhodata,[ii,jj,kk,overwrite_udata,overwrite_rhodata])\n\t\t\tConstructing wrapper function "interpolation.rho2v"...\n\t\t\t  vdata = rho2v(vdata,rhodata,[ii,jj,kk,overwrite_vdata,overwrite_rhodata])\n\t\t\tConstructing wrapper function "interpolation.rotate"...\n\t\t\t  urot,vrot = rotate(urot,vrot,u_rho,v_rho,angle,[ii,jj,kk,overwrite_urot,overwrite_vrot,overwrite_u_rho,overwrite_v_rho,overwrite_angle])\n\tWrote C/API module "interpolation" to file "/tmp/tmpasano1j7/src.linux-x86_64-3.7/interpolationmodule.c"\n\tFortran 90 wrappers are saved to "/tmp/tmpasano1j7/src.linux-x86_64-3.7/interpolation-f2pywrappers2.f90"\n  adding \'/tmp/tmpasano1j7/src.linux-x86_64-3.7/fortranobject.c\' to sources.\n  adding \'/tmp/tmpasano1j7/src.linux-x86_64-3.7\' to include_dirs.\ncopying /home/danilo/miniconda2/envs/pyroms/lib/python3.7/site-packages/numpy/f2py/src/fortranobject.c -> /tmp/tmpasano1j7/src.linux-x86_64-3.7\ncopying /home/danilo/miniconda2/envs/pyroms/lib/python3.7/site-packages/numpy/f2py/src/fortranobject.h -> /tmp/tmpasano1j7/src.linux-x86_64-3.7\n  adding \'/tmp/tmpasano1j7/src.linux-x86_64-3.7/interpolation-f2pywrappers2.f90\' to sources.\nbuild_src: building npy-pkg config files\nrunning build_ext\ncustomize UnixCCompiler\ncustomize UnixCCompiler using build_ext\nget_default_fcompiler: matching types: \'[\'gnu95\', \'intel\', \'lahey\', \'pg\', \'absoft\', \'nag\', \'vast\', \'compaq\', \'intele\', \'intelem\', \'gnu\', \'g95\', \'pathf95\', \'nagfor\']\'\ncustomize Gnu95FCompiler\nFound executable /usr/bin/gfortran\ncustomize Gnu95FCompiler\ncustomize Gnu95FCompiler using build_ext\nbuilding \'interpolation\' extension\ncompiling C sources\nC compiler: gcc -pthread -B /home/danilo/miniconda2/envs/pyroms/compiler_compat -Wl,--sysroot=/ -Wsign-compare -DNDEBUG -g -fwrapv -O3 -Wall -Wstrict-prototypes -fPIC\n\ncreating /tmp/tmpasano1j7/tmp\ncreating /tmp/tmpasano1j7/tmp/tmpasano1j7\ncreating /tmp/tmpasano1j7/tmp/tmpasano1j7/src.linux-x86_64-3.7\ncompile options: \'-I/tmp/tmpasano1j7/src.linux-x86_64-3.7 -I/home/danilo/miniconda2/envs/pyroms/lib/python3.7/site-packages/numpy/core/include -I/home/danilo/miniconda2/envs/pyroms/include/python3.7m -c\'\ngcc: /tmp/tmpasano1j7/src.linux-x86_64-3.7/interpolationmodule.c\ngcc: /tmp/tmpasano1j7/src.linux-x86_64-3.7/fortranobject.c\ncompiling Fortran 90 module sources\nFortran f77 compiler: /usr/bin/gfortran -Wall -g -ffixed-form -fno-second-underscore -fPIC -O3 -funroll-loops\nFortran f90 compiler: /usr/bin/gfortran -Wall -g -fno-second-underscore -fPIC -O3 -funroll-loops\nFortran fix compiler: /usr/bin/gfortran -Wall -g -ffixed-form -fno-second-underscore -Wall -g -fno-second-underscore -fPIC -O3 -funroll-loops\ncompile options: \'-I/tmp/tmpasano1j7/src.linux-x86_64-3.7 -I/home/danilo/miniconda2/envs/pyroms/lib/python3.7/site-packages/numpy/core/include -I/home/danilo/miniconda2/envs/pyroms/include/python3.7m -c\'\nextra options: \'-J/tmp/tmpasano1j7/ -I/tmp/tmpasano1j7/\'\ngfortran:f90: interpolation.f90\ncompiling Fortran sources\nFortran f77 compiler: /usr/bin/gfortran -Wall -g -ffixed-form -fno-second-underscore -fPIC -O3 -funroll-loops\nFortran f90 compiler: /usr/bin/gfortran -Wall -g -fno-second-underscore -fPIC -O3 -funroll-loops\nFortran fix compiler: /usr/bin/gfortran -Wall -g -ffixed-form -fno-second-underscore -Wall -g -fno-second-underscore -fPIC -O3 -funroll-loops\ncompile options: \'-I/tmp/tmpasano1j7/src.linux-x86_64-3.7 -I/home/danilo/miniconda2/envs/pyroms/lib/python3.7/site-packages/numpy/core/include -I/home/danilo/miniconda2/envs/pyroms/include/python3.7m -c\'\nextra options: \'-J/tmp/tmpasano1j7/ -I/tmp/tmpasano1j7/\'\ngfortran:f90: /tmp/tmpasano1j7/src.linux-x86_64-3.7/interpolation-f2pywrappers2.f90\n/usr/bin/gfortran -Wall -g -Wall -g -shared /tmp/tmpasano1j7/tmp/tmpasano1j7/src.linux-x86_64-3.7/interpolationmodule.o /tmp/tmpasano1j7/tmp/tmpasano1j7/src.linux-x86_64-3.7/fortranobject.o /tmp/tmpasano1j7/interpolation.o /tmp/tmpasano1j7/tmp/tmpasano1j7/src.linux-x86_64-3.7/interpolation-f2pywrappers2.o -L/usr/lib/gcc/x86_64-linux-gnu/7 -L/usr/lib/gcc/x86_64-linux-gnu/7 -lgfortran -o ./interpolation.cpython-37m-x86_64-linux-gnu.so\nRemoving build directory /tmp/tmpasano1j7\n'b'running build\nrunning config_cc\nunifing config_cc, config, build_clib, build_ext, build commands --compiler options\nrunning config_fc\nunifing config_fc, config, build_clib, build_ext, build commands --fcompiler options\nrunning build_src\nbuild_src\nbuilding extension "extrapolate" sources\nf2py options: []\nf2py:> /tmp/tmpmf05ssee/src.linux-x86_64-3.7/extrapolatemodule.c\ncreating /tmp/tmpmf05ssee/src.linux-x86_64-3.7\nReading fortran codes...\n\tReading file \'fill.f90\' (format:free)\nPost-processing...\n\tBlock: extrapolate\n\t\t\tBlock: extrapolate\n\t\t\t\tBlock: fill\nPost-processing (stage 2)...\n\tBlock: extrapolate\n\t\tBlock: unknown_interface\n\t\t\tBlock: extrapolate\n\t\t\t\tBlock: fill\nBuilding modules...\n\tBuilding module "extrapolate"...\n\t\tConstructing F90 module support for "extrapolate"...\n\t\t\tConstructing wrapper function "extrapolate.fill"...\n\t\t\t  za = fill(i1,i2,j1,j2,tx,critx,cor,mxs,za,[nx,ny,overwrite_za])\n\tWrote C/API module "extrapolate" to file "/tmp/tmpmf05ssee/src.linux-x86_64-3.7/extrapolatemodule.c"\n\tFortran 90 wrappers are saved to "/tmp/tmpmf05ssee/src.linux-x86_64-3.7/extrapolate-f2pywrappers2.f90"\n  adding \'/tmp/tmpmf05ssee/src.linux-x86_64-3.7/fortranobject.c\' to sources.\n  adding \'/tmp/tmpmf05ssee/src.linux-x86_64-3.7\' to include_dirs.\ncopying /home/danilo/miniconda2/envs/pyroms/lib/python3.7/site-packages/numpy/f2py/src/fortranobject.c -> /tmp/tmpmf05ssee/src.linux-x86_64-3.7\ncopying /home/danilo/miniconda2/envs/pyroms/lib/python3.7/site-packages/numpy/f2py/src/fortranobject.h -> /tmp/tmpmf05ssee/src.linux-x86_64-3.7\n  adding \'/tmp/tmpmf05ssee/src.linux-x86_64-3.7/extrapolate-f2pywrappers2.f90\' to sources.\nbuild_src: building npy-pkg config files\nrunning build_ext\ncustomize UnixCCompiler\ncustomize UnixCCompiler using build_ext\nget_default_fcompiler: matching types: \'[\'gnu95\', \'intel\', \'lahey\', \'pg\', \'absoft\', \'nag\', \'vast\', \'compaq\', \'intele\', \'intelem\', \'gnu\', \'g95\', \'pathf95\', \'nagfor\']\'\ncustomize Gnu95FCompiler\nFound executable /usr/bin/gfortran\ncustomize Gnu95FCompiler\ncustomize Gnu95FCompiler using build_ext\nbuilding \'extrapolate\' extension\ncompiling C sources\nC compiler: gcc -pthread -B /home/danilo/miniconda2/envs/pyroms/compiler_compat -Wl,--sysroot=/ -Wsign-compare -DNDEBUG -g -fwrapv -O3 -Wall -Wstrict-prototypes -fPIC\n\ncreating /tmp/tmpmf05ssee/tmp\ncreating /tmp/tmpmf05ssee/tmp/tmpmf05ssee\ncreating /tmp/tmpmf05ssee/tmp/tmpmf05ssee/src.linux-x86_64-3.7\ncompile options: \'-I/tmp/tmpmf05ssee/src.linux-x86_64-3.7 -I/home/danilo/miniconda2/envs/pyroms/lib/python3.7/site-packages/numpy/core/include -I/home/danilo/miniconda2/envs/pyroms/include/python3.7m -c\'\ngcc: /tmp/tmpmf05ssee/src.linux-x86_64-3.7/extrapolatemodule.c\ngcc: /tmp/tmpmf05ssee/src.linux-x86_64-3.7/fortranobject.c\ncompiling Fortran 90 module sources\nFortran f77 compiler: /usr/bin/gfortran -Wall -g -ffixed-form -fno-second-underscore -fPIC -O3 -funroll-loops\nFortran f90 compiler: /usr/bin/gfortran -Wall -g -fno-second-underscore -fPIC -O3 -funroll-loops\nFortran fix compiler: /usr/bin/gfortran -Wall -g -ffixed-form -fno-second-underscore -Wall -g -fno-second-underscore -fPIC -O3 -funroll-loops\ncompile options: \'-I/tmp/tmpmf05ssee/src.linux-x86_64-3.7 -I/home/danilo/miniconda2/envs/pyroms/lib/python3.7/site-packages/numpy/core/include -I/home/danilo/miniconda2/envs/pyroms/include/python3.7m -c\'\nextra options: \'-J/tmp/tmpmf05ssee/ -I/tmp/tmpmf05ssee/\'\ngfortran:f90: fill.f90\ncompiling Fortran sources\nFortran f77 compiler: /usr/bin/gfortran -Wall -g -ffixed-form -fno-second-underscore -fPIC -O3 -funroll-loops\nFortran f90 compiler: /usr/bin/gfortran -Wall -g -fno-second-underscore -fPIC -O3 -funroll-loops\nFortran fix compiler: /usr/bin/gfortran -Wall -g -ffixed-form -fno-second-underscore -Wall -g -fno-second-underscore -fPIC -O3 -funroll-loops\ncompile options: \'-I/tmp/tmpmf05ssee/src.linux-x86_64-3.7 -I/home/danilo/miniconda2/envs/pyroms/lib/python3.7/site-packages/numpy/core/include -I/home/danilo/miniconda2/envs/pyroms/include/python3.7m -c\'\nextra options: \'-J/tmp/tmpmf05ssee/ -I/tmp/tmpmf05ssee/\'\ngfortran:f90: /tmp/tmpmf05ssee/src.linux-x86_64-3.7/extrapolate-f2pywrappers2.f90\n/usr/bin/gfortran -Wall -g -Wall -g -shared /tmp/tmpmf05ssee/tmp/tmpmf05ssee/src.linux-x86_64-3.7/extrapolatemodule.o /tmp/tmpmf05ssee/tmp/tmpmf05ssee/src.linux-x86_64-3.7/fortranobject.o /tmp/tmpmf05ssee/fill.o /tmp/tmpmf05ssee/tmp/tmpmf05ssee/src.linux-x86_64-3.7/extrapolate-f2pywrappers2.o -L/usr/lib/gcc/x86_64-linux-gnu/7 -L/usr/lib/gcc/x86_64-linux-gnu/7 -lgfortran -o ./extrapolate.cpython-37m-x86_64-linux-gnu.so\nRemoving build directory /tmp/tmpmf05ssee\n'